
> rainuka-therapy@0.1.0 build
> next build

▲ Next.js 16.3.3 (Turbopack)
- Environments: .env.local
✓ Running next.config.ts took 29ms
⨯ Another next build process is already running.

  This could be:
  - A next build still in progress
  - A previous build that didn't exit cleanly

  Suggestion: Wait for the build to complete.
