
> rainuka-therapy@0.1.0 build
> next build

▲ Next.js 16.3.3 (Turbopack)
- Environments: .env.local
✓ Running next.config.ts took 22ms

  Creating an optimized production build ...
✓ Compiled successfully in 498ms
  Running TypeScript ...
  Finished TypeScript in 2.1s ...
  Collecting page data using 14 workers ...
  Generating static pages using 14 workers (0/13) ...
  Generating static pages using 14 workers (3/13) 
  Generating static pages using 14 workers (6/13) 
  Generating static pages using 14 workers (9/13) 
✓ Generating static pages using 14 workers (13/13) in 592ms
  Finalizing page optimization ...

Route (app)
┌ ○ /
├ ○ /_not-found
├ ○ /about
├ ○ /adhd
├ ƒ /api/bookings
├ ○ /booking
├ ○ /career
├ ○ /contact
├ ○ /faq
├ ○ /perinatal
└ ○ /privacy


○  (Static)   prerendered as static content
ƒ  (Dynamic)  server-rendered on demand

